---
"./spec/vump/modules/version/sheep_a_changelog_spec.rb[1:3]": |
  # Changelog
  All notable changes to this project will be documented in this file.

  The format is based on [Keep a Changelog](https://keepachangelog.com/en/1.0.0/),
  and this project adheres to [Semantic Versioning](https://semver.org/spec/v2.0.0.html).

  ## [Unreleased]

  ## [1.1.2] - 2019-02-20

  ## [0.1.0] - 2019-01-14
  ### Added
  - Project boilerplate
  - Parser
  - Readme

  [Unreleased]: https://github.com/AckeeCZ/desmond/compare/v1.1.2...HEAD
  [1.1.2]: https://github.com/AckeeCZ/desmond/compare/v0.1.0...v1.1.2
  [0.1.0]: https://github.com/AckeeCZ/desmond/compare/c0b1f8c...v0.1.0
