---
"./spec/vump/modules/package_json_spec.rb[1:3]": |
  {
    "name": "your-mom",
    "version": "0.4.3",
    "author": "Jaroslav Šmolík <grissius@gmail.com>",
    "license": "MIT",
    "keywords": [
      "your",
      "mom"
    ]
  }
