---
"./spec/cli/cli_spec.rb[1:1:1]":
- - arg1
  - arg2
- :v: true
  :long: value
"./spec/cli/cli_spec.rb[1:1:2]":
- - ''
- {}
"./spec/cli/cli_spec.rb[1:1:3]":
- - a
  - a
- :v: true
  :foo: baz
"./spec/cli/cli_spec.rb[1:3:1]":
- :minor
- :s: true
  :build: alpha
